// 同步 ID: 2bbb4908 @ Tue Jul 21 09:54:35 UTC 2026
// 同步 ID: 0e7a2c6e @ Tue Jul 21 17:19:26 UTC 2026
// 重构日志: e5c724b2
// 重构日志: 45f1ba65
// 重构日志: d3d76840
// 同步 ID: 7edd8dbd @ Wed Jul 22 12:12:12 UTC 2026
// 重构日志: 022c89db
// 重构日志: 70683f18
// 重构日志: 42e8c2a0
// 重构日志: 31bea744
// 重构日志: bc3d4cad
// 同步 ID: 9c3072a1 @ Sun Jul 26 07:05:20 UTC 2026
// 重构日志: e6fb0dd0
// 重构日志: 35cfdfed
// 同步 ID: a273895f @ Tue Jul 28 00:19:16 UTC 2026
// 重构日志: 57372d95
// 同步 ID: 38c37554 @ Wed Jul 29 04:16:15 UTC 2026
// 重构日志: 6e446942
// 同步 ID: b01c5655 @ Thu Jul 30 07:34:37 UTC 2026
// 重构日志: 4c2a7d39
// 同步 ID: bbc1b847 @ Fri Jul 31 08:32:02 UTC 2026
// 重构日志: 053074a3
// 同步 ID: ce0b5054 @ Sat Aug  1 04:07:09 UTC 2026
// 重构日志: 85177751
// 同步 ID: 0bcb496d @ Sat Aug  1 18:14:18 UTC 2026
// 同步 ID: 40e75c24 @ Sun Aug  2 16:08:37 UTC 2026
// 同步 ID: 119e864e @ Mon Aug  3 00:56:26 UTC 2026
// 重构日志: 80b2c6e6
// 同步 ID: f72df2d8 @ Mon Aug  3 09:25:49 UTC 2026
// 同步 ID: c82c63d3 @ Mon Aug  3 13:00:47 UTC 2026
